// Jest Snapshot v1, https://goo.gl/fbAQLP

exports[`App should render Component correctly 1`] = `undefined`;
