// Jest Snapshot v1, https://goo.gl/fbAQLP

exports[`App should render Component correctly 1`] = `
<div
  className="App"
>
  <AppRoute />
</div>
`;

exports[`App should render the Title Component correctly 1`] = `
<div
  className="App"
>
  <AppRoute />
</div>
`;
